using System;
using System.Threading.Tasks;

namespace MyNamespace{

	public class MyClass
	{

		public MyClass(IInfo info)
		{
			this.Info = info;
		}

		public IInfo Info { get; set; }

            ///<summary>DoSometihngAsync</summary>
            ///<returns>returns [REPLACE]</returns>
            public Task DoSometihngAsync()
		{
			
		}
	}
}