using System;
using System.Threading.Tasks;

namespace MyNamespace{
	
	public class MyClass2
	{
		public IInfo Info { get; set; }
	}
}