using System;
using System.Threading.Tasks;

namespace MyNamespace
{
    public class MyClass2
    {
        public IInfo Info
        {
            get;
            set;
        }
    }

    public class MyClass
    {
        public MyClass(IInfo info)
        {
            this.Info = info;
        }

        public IInfo Info
        {
            get;
            set;
        }

        public Task DoSometihngAsync(IInfo info, string someString, int i)
        {
            if (info == null)
            {
                throw new ArgumentNullException("info");
            }

            if (someString == null)
            {
                throw new ArgumentNullException("someString");
            }

            if (i == null)
            {
                throw new ArgumentNullException("i");
            }

            var poo = "oiods";
        }
    }
}